[1/90] traces/stage4b_overlap/ov0_none_seed0.csv
[2/90] traces/stage4b_overlap/ov0_none_seed1.csv
[3/90] traces/stage4b_overlap/ov0_none_seed2.csv
[4/90] traces/stage4b_overlap/ov0_none_seed3.csv
[5/90] traces/stage4b_overlap/ov0_none_seed4.csv
[6/90] traces/stage4b_overlap/ov0_none_seed5.csv
[7/90] traces/stage4b_overlap/ov0_none_seed6.csv
[8/90] traces/stage4b_overlap/ov0_none_seed7.csv
[9/90] traces/stage4b_overlap/ov0_none_seed8.csv
[10/90] traces/stage4b_overlap/ov0_none_seed9.csv
[11/90] traces/stage4b_overlap/ov0_none_seed10.csv
[12/90] traces/stage4b_overlap/ov0_none_seed11.csv
[13/90] traces/stage4b_overlap/ov0_none_seed12.csv
[14/90] traces/stage4b_overlap/ov0_none_seed13.csv
[15/90] traces/stage4b_overlap/ov0_none_seed14.csv
[16/90] traces/stage4b_overlap/ov0_none_seed15.csv
[17/90] traces/stage4b_overlap/ov0_none_seed16.csv
[18/90] traces/stage4b_overlap/ov0_none_seed17.csv
[19/90] traces/stage4b_overlap/ov0_none_seed18.csv
[20/90] traces/stage4b_overlap/ov0_none_seed19.csv
[21/90] traces/stage4b_overlap/ov0_none_seed20.csv
[22/90] traces/stage4b_overlap/ov0_none_seed21.csv
[23/90] traces/stage4b_overlap/ov0_none_seed22.csv
[24/90] traces/stage4b_overlap/ov0_none_seed23.csv
[25/90] traces/stage4b_overlap/ov0_none_seed24.csv
[26/90] traces/stage4b_overlap/ov0_none_seed25.csv
[27/90] traces/stage4b_overlap/ov0_none_seed26.csv
[28/90] traces/stage4b_overlap/ov0_none_seed27.csv
[29/90] traces/stage4b_overlap/ov0_none_seed28.csv
[30/90] traces/stage4b_overlap/ov0_none_seed29.csv
[31/90] traces/stage4b_overlap/ov1_blue_seed0.csv
[32/90] traces/stage4b_overlap/ov1_blue_seed1.csv
[33/90] traces/stage4b_overlap/ov1_blue_seed2.csv
[34/90] traces/stage4b_overlap/ov1_blue_seed3.csv
[35/90] traces/stage4b_overlap/ov1_blue_seed4.csv
[36/90] traces/stage4b_overlap/ov1_blue_seed5.csv
[37/90] traces/stage4b_overlap/ov1_blue_seed6.csv
[38/90] traces/stage4b_overlap/ov1_blue_seed7.csv
[39/90] traces/stage4b_overlap/ov1_blue_seed8.csv
[40/90] traces/stage4b_overlap/ov1_blue_seed9.csv
[41/90] traces/stage4b_overlap/ov1_red_seed0.csv
[42/90] traces/stage4b_overlap/ov1_red_seed1.csv
[43/90] traces/stage4b_overlap/ov1_red_seed2.csv
[44/90] traces/stage4b_overlap/ov1_red_seed3.csv
[45/90] traces/stage4b_overlap/ov1_red_seed4.csv
[46/90] traces/stage4b_overlap/ov1_red_seed5.csv
[47/90] traces/stage4b_overlap/ov1_red_seed6.csv
[48/90] traces/stage4b_overlap/ov1_red_seed7.csv
[49/90] traces/stage4b_overlap/ov1_red_seed8.csv
[50/90] traces/stage4b_overlap/ov1_red_seed9.csv
[51/90] traces/stage4b_overlap/ov1_green_seed0.csv
[52/90] traces/stage4b_overlap/ov1_green_seed1.csv
[53/90] traces/stage4b_overlap/ov1_green_seed2.csv
[54/90] traces/stage4b_overlap/ov1_green_seed3.csv
[55/90] traces/stage4b_overlap/ov1_green_seed4.csv
[56/90] traces/stage4b_overlap/ov1_green_seed5.csv
[57/90] traces/stage4b_overlap/ov1_green_seed6.csv
[58/90] traces/stage4b_overlap/ov1_green_seed7.csv
[59/90] traces/stage4b_overlap/ov1_green_seed8.csv
[60/90] traces/stage4b_overlap/ov1_green_seed9.csv
[61/90] traces/stage4b_overlap/ov2_blue-red_seed0.csv
[62/90] traces/stage4b_overlap/ov2_blue-red_seed1.csv
[63/90] traces/stage4b_overlap/ov2_blue-red_seed2.csv
[64/90] traces/stage4b_overlap/ov2_blue-red_seed3.csv
[65/90] traces/stage4b_overlap/ov2_blue-red_seed4.csv
[66/90] traces/stage4b_overlap/ov2_blue-red_seed5.csv
[67/90] traces/stage4b_overlap/ov2_blue-red_seed6.csv
[68/90] traces/stage4b_overlap/ov2_blue-red_seed7.csv
[69/90] traces/stage4b_overlap/ov2_blue-red_seed8.csv
[70/90] traces/stage4b_overlap/ov2_blue-red_seed9.csv
[71/90] traces/stage4b_overlap/ov2_blue-green_seed0.csv
[72/90] traces/stage4b_overlap/ov2_blue-green_seed1.csv
[73/90] traces/stage4b_overlap/ov2_blue-green_seed2.csv
[74/90] traces/stage4b_overlap/ov2_blue-green_seed3.csv
[75/90] traces/stage4b_overlap/ov2_blue-green_seed4.csv
[76/90] traces/stage4b_overlap/ov2_blue-green_seed5.csv
[77/90] traces/stage4b_overlap/ov2_blue-green_seed6.csv
[78/90] traces/stage4b_overlap/ov2_blue-green_seed7.csv
[79/90] traces/stage4b_overlap/ov2_blue-green_seed8.csv
[80/90] traces/stage4b_overlap/ov2_blue-green_seed9.csv
[81/90] traces/stage4b_overlap/ov2_green-red_seed0.csv
[82/90] traces/stage4b_overlap/ov2_green-red_seed1.csv
[83/90] traces/stage4b_overlap/ov2_green-red_seed2.csv
[84/90] traces/stage4b_overlap/ov2_green-red_seed3.csv
[85/90] traces/stage4b_overlap/ov2_green-red_seed4.csv
[86/90] traces/stage4b_overlap/ov2_green-red_seed5.csv
[87/90] traces/stage4b_overlap/ov2_green-red_seed6.csv
[88/90] traces/stage4b_overlap/ov2_green-red_seed7.csv
[89/90] traces/stage4b_overlap/ov2_green-red_seed8.csv
[90/90] traces/stage4b_overlap/ov2_green-red_seed9.csv
0 episodes: 30
1 episodes: 30
2 episodes: 30
0 probed -> traces/stage4b_overlap/ov0_probe.csv
1 probed -> traces/stage4b_overlap/ov1_probe.csv
2 probed -> traces/stage4b_overlap/ov2_probe.csv
Next: run contest.py per level, e.g.
  python3 contest.py --probe traces/stage4b_overlap/ov0_probe.csv --out traces/stage4b_overlap/ov0_contest.csv --shift_at 10 --window 8
  python3 contest.py --probe traces/stage4b_overlap/ov1_probe.csv --out traces/stage4b_overlap/ov1_contest.csv --shift_at 10 --window 8
  python3 contest.py --probe traces/stage4b_overlap/ov2_probe.csv --out traces/stage4b_overlap/ov2_contest.csv --shift_at 10 --window 8
